Flow report for DE0_TOP
Sat Jan 20 19:03:45 2024
Quartus II 32-bit Version 13.1.0 Build 162 10/23/2013 SJ Web Edition


---------------------
; Table of Contents ;
---------------------
  1. Legal Notice
  2. Flow Summary
  3. Flow Settings
  4. Flow Non-Default Global Settings
  5. Flow Elapsed Time
  6. Flow OS Summary
  7. Flow Log
  8. Flow Messages
  9. Flow Suppressed Messages



----------------
; Legal Notice ;
----------------
Copyright (C) 1991-2013 Altera Corporation
Your use of Altera Corporation's design tools, logic functions 
and other software and tools, and its AMPP partner logic 
functions, and any output files from any of the foregoing 
(including device programming or simulation files), and any 
associated documentation or information are expressly subject 
to the terms and conditions of the Altera Program License 
Subscription Agreement, Altera MegaCore Function License 
Agreement, or other applicable license agreement, including, 
without limitation, that your use is for the sole purpose of 
programming logic devices manufactured by Altera and sold by 
Altera or its authorized distributors.  Please refer to the 
applicable agreement for further details.



+---------------------------------------------------------------------------------+
; Flow Summary                                                                    ;
+------------------------------------+--------------------------------------------+
; Flow Status                        ; Successful - Sat Jan 20 19:03:38 2024      ;
; Quartus II 32-bit Version          ; 13.1.0 Build 162 10/23/2013 SJ Web Edition ;
; Revision Name                      ; DE0_TOP                                    ;
; Top-level Entity Name              ; DE0_TOP                                    ;
; Family                             ; Cyclone III                                ;
; Device                             ; EP3C16F484C6                               ;
; Timing Models                      ; Final                                      ;
; Total logic elements               ; 879 / 15,408 ( 6 % )                       ;
;     Total combinational functions  ; 848 / 15,408 ( 6 % )                       ;
;     Dedicated logic registers      ; 147 / 15,408 ( < 1 % )                     ;
; Total registers                    ; 147                                        ;
; Total pins                         ; 252 / 347 ( 73 % )                         ;
; Total virtual pins                 ; 0                                          ;
; Total memory bits                  ; 1,024 / 516,096 ( < 1 % )                  ;
; Embedded Multiplier 9-bit elements ; 2 / 112 ( 2 % )                            ;
; Total PLLs                         ; 0 / 4 ( 0 % )                              ;
+------------------------------------+--------------------------------------------+


+-----------------------------------------+
; Flow Settings                           ;
+-------------------+---------------------+
; Option            ; Setting             ;
+-------------------+---------------------+
; Start date & time ; 01/20/2024 18:59:34 ;
; Main task         ; Compilation         ;
; Revision Name     ; DE0_TOP             ;
+-------------------+---------------------+


+------------------------------------------------------------------------------------------------------------------------+
; Flow Non-Default Global Settings                                                                                       ;
+-------------------------------------+---------------------------------------+---------------+-------------+------------+
; Assignment Name                     ; Value                                 ; Default Value ; Entity Name ; Section Id ;
+-------------------------------------+---------------------------------------+---------------+-------------+------------+
; COMPILER_SIGNATURE_ID               ; 345052807169.170577357412092          ; --            ; --          ; --         ;
; ENABLE_ADVANCED_IO_TIMING           ; On                                    ; --            ; --          ; --         ;
; MAX_CORE_JUNCTION_TEMP              ; 85                                    ; --            ; --          ; --         ;
; MIN_CORE_JUNCTION_TEMP              ; 0                                     ; --            ; --          ; --         ;
; PARTITION_FITTER_PRESERVATION_LEVEL ; PLACEMENT_AND_ROUTING                 ; --            ; --          ; Top        ;
; POWER_BOARD_THERMAL_MODEL           ; None (CONSERVATIVE)                   ; --            ; --          ; --         ;
; POWER_PRESET_COOLING_SOLUTION       ; 23 MM HEAT SINK WITH 200 LFPM AIRFLOW ; --            ; --          ; --         ;
+-------------------------------------+---------------------------------------+---------------+-------------+------------+


+-------------------------------------------------------------------------------------------------------------------------------+
; Flow Elapsed Time                                                                                                             ;
+---------------------------+--------------+-------------------------+---------------------+------------------------------------+
; Module Name               ; Elapsed Time ; Average Processors Used ; Peak Virtual Memory ; Total CPU Time (on all processors) ;
+---------------------------+--------------+-------------------------+---------------------+------------------------------------+
; Analysis & Synthesis      ; 00:00:26     ; 1.0                     ; 411 MB              ; 00:00:36                           ;
; Fitter                    ; 00:03:03     ; 1.0                     ; 574 MB              ; 00:03:53                           ;
; Assembler                 ; 00:00:03     ; 1.0                     ; 392 MB              ; 00:00:02                           ;
; TimeQuest Timing Analyzer ; 00:00:06     ; 1.0                     ; 409 MB              ; 00:00:03                           ;
; Total                     ; 00:03:38     ; --                      ; --                  ; 00:04:34                           ;
+---------------------------+--------------+-------------------------+---------------------+------------------------------------+


+----------------------------------------------------------------------------------------+
; Flow OS Summary                                                                        ;
+---------------------------+------------------+-----------+------------+----------------+
; Module Name               ; Machine Hostname ; OS Name   ; OS Version ; Processor type ;
+---------------------------+------------------+-----------+------------+----------------+
; Analysis & Synthesis      ; LAPTOP-4UHN838A  ; Windows 7 ; 6.2        ; x86_64         ;
; Fitter                    ; LAPTOP-4UHN838A  ; Windows 7 ; 6.2        ; x86_64         ;
; Assembler                 ; LAPTOP-4UHN838A  ; Windows 7 ; 6.2        ; x86_64         ;
; TimeQuest Timing Analyzer ; LAPTOP-4UHN838A  ; Windows 7 ; 6.2        ; x86_64         ;
+---------------------------+------------------+-----------+------------+----------------+


------------
; Flow Log ;
------------
quartus_map --family=CycloneIII --source=../src/synthesis/modules/ssd.v --source=../src/synthesis/modules/bcd.v --source=../src/synthesis/modules/red.v --source=../src/synthesis/modules/clk_div.v --source=../src/synthesis/modules/alu.v --source=../src/synthesis/modules/register.v --source=../src/synthesis/modules/cpu.v --source=../src/synthesis/modules/memory.v --source=../src/synthesis/modules/top.v --source=../src/synthesis/DE0_CV_TOP.v --source=../src/synthesis/DE0_TOP.v DE0_TOP
quartus_fit --part=EP3C16F484C6 DE0_TOP
quartus_asm DE0_TOP
quartus_sta DE0_TOP



